// Jest Snapshot v1, https://goo.gl/fbAQLP

exports[`getInjectedJavascript 1`] = `
"
      // if beforeTranslate is set, run it
      console.log("beforeTranslate")

      var selector = #result
      // Wait for the element to be loaded
      setInterval(() => {
        var result = document.querySelector(selector)
        if(result) {
          window.ReactNativeWebView.postMessage(result.innerText)
        }
        else {
          window.ReactNativeWebView.postMessage('@L@O@A@D@I@N@G@')
        }
      }, 200)
    "
`;
